// Jest Snapshot v1, https://goo.gl/fbAQLP

exports[`app renders 1`] = `
<div>
  <div
    style="outline: none;"
    tabindex="-1"
  >
    <div
      class="common_default_appBody__e5x7fm0"
    >
      <div
        class="common_default_explorerView__e5x7fm1"
      >
        <pre>
          MDX content goes here
        </pre>
        <h1 />
      </div>
    </div>
  </div>
</div>
`;
